
> admin@0.1.0 build
> react-scripts build

npm.cmd : node:fs:2787
At line:2 char:1
+ npm.cmd run build *> build-output.txt
+ ~~~~~~~~~~~~~~~~~~~~~~~~~~~~~~~~~~~~~
    + CategoryInfo          : NotSpecified: (node:fs:2787:String) [], RemoteException
    + FullyQualifiedErrorId : NativeCommandError
 
      const stats = binding.lstat(base, true, undefined, true /* throwIfNoEntry */);
                            ^

Error: EPERM: operation not permitted, lstat 'C:\Users\DELL'
    at Object.realpathSync (node:fs:2787:29)
    at toRealPath (node:internal/modules/helpers:61:13)
    at Function._findPath (node:internal/modules/cjs/loader:778:22)
    at resolveMainPath (node:internal/modules/run_main:39:23)
    at Function.executeUserEntryPoint [as runMain] (node:internal/modules/run_main:162:20)
    at node:internal/main/run_main_module:36:49 {
  errno: -4048,
  code: 'EPERM',
  syscall: 'lstat',
  path: 'C:\\Users\\DELL'
}

Node.js v22.15.0
